###############################################################################
#
# IAR ELF Linker V9.10.2.313/W64 for ARM                  09/Dec/2021  15:51:28
# Copyright 2007-2021 IAR Systems AB.
#
#    Output file  =
#        C:\Users\Iqbal\embsys310\assignment08\PWM-led\EWARM\PWM-led\Exe\PWM-led.out
#    Map file     =
#        C:\Users\Iqbal\embsys310\assignment08\PWM-led\EWARM\PWM-led\List\PWM-led.map
#    Command line =
#        -f
#        C:\Users\Iqbal\embsys310\assignment08\PWM-led\EWARM\PWM-led\Exe\PWM-led.out.rsp
#        (C:\Users\Iqbal\embsys310\assignment08\PWM-led\EWARM\PWM-led\Obj\Application\User\Core\main.o
#        C:\Users\Iqbal\embsys310\assignment08\PWM-led\EWARM\PWM-led\Obj\Application\EWARM\startup_stm32l475xx.o
#        C:\Users\Iqbal\embsys310\assignment08\PWM-led\EWARM\PWM-led\Obj\Drivers\STM32L4xx_HAL_Driver\stm32l4xx_hal.o
#        C:\Users\Iqbal\embsys310\assignment08\PWM-led\EWARM\PWM-led\Obj\Drivers\STM32L4xx_HAL_Driver\stm32l4xx_hal_cortex.o
#        C:\Users\Iqbal\embsys310\assignment08\PWM-led\EWARM\PWM-led\Obj\Drivers\STM32L4xx_HAL_Driver\stm32l4xx_hal_dma.o
#        C:\Users\Iqbal\embsys310\assignment08\PWM-led\EWARM\PWM-led\Obj\Drivers\STM32L4xx_HAL_Driver\stm32l4xx_hal_dma_ex.o
#        C:\Users\Iqbal\embsys310\assignment08\PWM-led\EWARM\PWM-led\Obj\Drivers\STM32L4xx_HAL_Driver\stm32l4xx_hal_exti.o
#        C:\Users\Iqbal\embsys310\assignment08\PWM-led\EWARM\PWM-led\Obj\Drivers\STM32L4xx_HAL_Driver\stm32l4xx_hal_flash.o
#        C:\Users\Iqbal\embsys310\assignment08\PWM-led\EWARM\PWM-led\Obj\Drivers\STM32L4xx_HAL_Driver\stm32l4xx_hal_flash_ex.o
#        C:\Users\Iqbal\embsys310\assignment08\PWM-led\EWARM\PWM-led\Obj\Drivers\STM32L4xx_HAL_Driver\stm32l4xx_hal_flash_ramfunc.o
#        C:\Users\Iqbal\embsys310\assignment08\PWM-led\EWARM\PWM-led\Obj\Drivers\STM32L4xx_HAL_Driver\stm32l4xx_hal_gpio.o
#        C:\Users\Iqbal\embsys310\assignment08\PWM-led\EWARM\PWM-led\Obj\Drivers\STM32L4xx_HAL_Driver\stm32l4xx_hal_i2c.o
#        C:\Users\Iqbal\embsys310\assignment08\PWM-led\EWARM\PWM-led\Obj\Drivers\STM32L4xx_HAL_Driver\stm32l4xx_hal_i2c_ex.o
#        C:\Users\Iqbal\embsys310\assignment08\PWM-led\EWARM\PWM-led\Obj\Application\User\Core\stm32l4xx_hal_msp.o
#        C:\Users\Iqbal\embsys310\assignment08\PWM-led\EWARM\PWM-led\Obj\Drivers\STM32L4xx_HAL_Driver\stm32l4xx_hal_pwr.o
#        C:\Users\Iqbal\embsys310\assignment08\PWM-led\EWARM\PWM-led\Obj\Drivers\STM32L4xx_HAL_Driver\stm32l4xx_hal_pwr_ex.o
#        C:\Users\Iqbal\embsys310\assignment08\PWM-led\EWARM\PWM-led\Obj\Drivers\STM32L4xx_HAL_Driver\stm32l4xx_hal_rcc.o
#        C:\Users\Iqbal\embsys310\assignment08\PWM-led\EWARM\PWM-led\Obj\Drivers\STM32L4xx_HAL_Driver\stm32l4xx_hal_rcc_ex.o
#        C:\Users\Iqbal\embsys310\assignment08\PWM-led\EWARM\PWM-led\Obj\Drivers\STM32L4xx_HAL_Driver\stm32l4xx_hal_tim.o
#        C:\Users\Iqbal\embsys310\assignment08\PWM-led\EWARM\PWM-led\Obj\Drivers\STM32L4xx_HAL_Driver\stm32l4xx_hal_tim_ex.o
#        C:\Users\Iqbal\embsys310\assignment08\PWM-led\EWARM\PWM-led\Obj\Application\User\Core\stm32l4xx_hal_timebase_tim.o
#        C:\Users\Iqbal\embsys310\assignment08\PWM-led\EWARM\PWM-led\Obj\Application\User\Core\stm32l4xx_it.o
#        C:\Users\Iqbal\embsys310\assignment08\PWM-led\EWARM\PWM-led\Obj\Drivers\CMSIS\system_stm32l4xx.o
#        --no_out_extension -o
#        C:\Users\Iqbal\embsys310\assignment08\PWM-led\EWARM\PWM-led\Exe\PWM-led.out
#        --redirect _Printf=_PrintfFullNoMb --redirect _Scanf=_ScanfFullNoMb
#        --map
#        C:\Users\Iqbal\embsys310\assignment08\PWM-led\EWARM\PWM-led\List\PWM-led.map
#        --config
#        C:\Users\Iqbal\embsys310\assignment08\PWM-led\EWARM/stm32l475xx_flash.icf
#        --semihosting --entry __iar_program_start --vfe --text_out locale)
#
###############################################################################

*******************************************************************************
*** RUNTIME MODEL ATTRIBUTES
***

CppFlavor       = *
__SystemLibrary = DLib
__dlib_version  = 6


*******************************************************************************
*** HEAP SELECTION
***

The basic heap was selected because some modules are built with
size limitations (and not runtime checking), and --advanced_heap
was not specified.


*******************************************************************************
*** PLACEMENT SUMMARY
***

"A0":  place at address 0x800'0000 { ro section .intvec };
"P1":  place in [from 0x800'0000 to 0x80f'ffff] { ro };
define block CSTACK with size = 1K, alignment = 8 { };
define block HEAP with size = 512, alignment = 8 { };
"P2":  place in [from 0x2000'0000 to 0x2001'7fff] {
          rw, block CSTACK, block HEAP };
"P3":  place in [from 0x2000'0000 to 0x2001'7fff] { };
initialize by copy { rw };

  Section            Kind         Address    Size  Object
  -------            ----         -------    ----  ------
"A0":                                       0x188
  .intvec            ro code   0x800'0000   0x188  startup_stm32l475xx.o [1]
                             - 0x800'0188   0x188

"P1":                                      0x1940
  .text              ro code   0x800'0188   0x7e0  stm32l4xx_hal_tim.o [4]
  .text              ro code   0x800'0968     0x2  stm32l4xx_hal_tim.o [4]
  .text              ro code   0x800'096a    0x2a  copy_init3.o [7]
  .text              ro code   0x800'0994    0xa4  stm32l4xx_hal_msp.o [2]
  .text              ro code   0x800'0a38     0x2  stm32l4xx_hal_tim.o [4]
  .text              ro code   0x800'0a3a     0x2  stm32l4xx_hal_tim.o [4]
  .text              ro code   0x800'0a3c   0x174  main.o [2]
  .text              ro code   0x800'0bb0     0x2  stm32l4xx_hal_tim_ex.o [4]
  .text              ro code   0x800'0bb2     0x2  stm32l4xx_hal_tim_ex.o [4]
  .text              ro code   0x800'0bb4     0x2  stm32l4xx_hal_tim.o [4]
  .text              ro code   0x800'0bb6     0x2  stm32l4xx_hal_tim_ex.o [4]
  .text              ro code   0x800'0bb8     0x2  stm32l4xx_hal_tim.o [4]
  .text              ro code   0x800'0bba    0x14  memset.o [7]
  .text              ro code   0x800'0bd0   0x1e0  stm32l4xx_hal_gpio.o [4]
  .text              ro code   0x800'0db0    0x1e  stm32l4xx_hal.o [4]
  .text              ro code   0x800'0dd0    0x94  stm32l4xx_hal_tim_ex.o [4]
  .text              ro code   0x800'0e64    0x28  stm32l4xx_hal.o [4]
  .text              ro code   0x800'0e8c    0x84  stm32l4xx_hal_pwr_ex.o [4]
  .text              ro code   0x800'0f10   0x714  stm32l4xx_hal_rcc.o [4]
  .text              ro code   0x800'1624    0x10  stm32l4xx_hal.o [4]
  .text              ro code   0x800'1634    0x66  ABImemset.o [7]
  .text              ro code   0x800'169c    0x9c  stm32l4xx_hal_cortex.o [4]
  .text              ro code   0x800'1738    0x78  stm32l4xx_hal_timebase_tim.o [2]
  .text              ro code   0x800'17b0     0xc  stm32l4xx_hal.o [4]
  .text              ro code   0x800'17bc    0x50  system_stm32l4xx.o [3]
  .text              ro code   0x800'180c    0x38  zero_init3.o [7]
  .rodata            const     0x800'1844    0x30  system_stm32l4xx.o [3]
  .text              ro code   0x800'1874    0x28  data_init.o [7]
  .text              ro code   0x800'189c    0x22  fpinit_M.o [6]
  .iar.init_table    const     0x800'18c0    0x24  - Linker created -
  .text              ro code   0x800'18e4    0x1e  cmain.o [7]
  .text              ro code   0x800'1902     0x4  low_level_init.o [5]
  .text              ro code   0x800'1906     0x4  exit.o [5]
  .text              ro code   0x800'190c     0xa  cexit.o [7]
  .text              ro code   0x800'1918    0x14  exit.o [8]
  .text              ro code   0x800'192c    0x1c  stm32l4xx_it.o [2]
  .text              ro code   0x800'1948    0x1c  cstartup_M.o [7]
  .text              ro code   0x800'1964    0x10  startup_stm32l475xx.o [1]
  Initializer bytes  const     0x800'1974    0x10  <for P2-P3-1>
  .rodata            const     0x800'1984     0x8  system_stm32l4xx.o [3]
  .text              ro code   0x800'198c     0x4  startup_stm32l475xx.o [1]
  .text              ro code   0x800'1990     0x4  startup_stm32l475xx.o [1]
  .text              ro code   0x800'1994     0x4  startup_stm32l475xx.o [1]
  .text              ro code   0x800'1998     0x4  startup_stm32l475xx.o [1]
  .text              ro code   0x800'199c     0x4  startup_stm32l475xx.o [1]
  .text              ro code   0x800'19a0     0x4  startup_stm32l475xx.o [1]
  .text              ro code   0x800'19a4     0x4  startup_stm32l475xx.o [1]
  .text              ro code   0x800'19a8     0x4  startup_stm32l475xx.o [1]
  .text              ro code   0x800'19ac     0x4  startup_stm32l475xx.o [1]
  .text              ro code   0x800'19b0     0x4  startup_stm32l475xx.o [1]
  .text              ro code   0x800'19b4     0x4  startup_stm32l475xx.o [1]
  .text              ro code   0x800'19b8     0x4  startup_stm32l475xx.o [1]
  .text              ro code   0x800'19bc     0x4  startup_stm32l475xx.o [1]
  .text              ro code   0x800'19c0     0x4  startup_stm32l475xx.o [1]
  .text              ro code   0x800'19c4     0x4  startup_stm32l475xx.o [1]
  .text              ro code   0x800'19c8     0x4  startup_stm32l475xx.o [1]
  .text              ro code   0x800'19cc     0x4  startup_stm32l475xx.o [1]
  .text              ro code   0x800'19d0     0x4  startup_stm32l475xx.o [1]
  .text              ro code   0x800'19d4     0x4  startup_stm32l475xx.o [1]
  .text              ro code   0x800'19d8     0x4  startup_stm32l475xx.o [1]
  .text              ro code   0x800'19dc     0x4  startup_stm32l475xx.o [1]
  .text              ro code   0x800'19e0     0x4  startup_stm32l475xx.o [1]
  .text              ro code   0x800'19e4     0x4  startup_stm32l475xx.o [1]
  .text              ro code   0x800'19e8     0x4  startup_stm32l475xx.o [1]
  .text              ro code   0x800'19ec     0x4  startup_stm32l475xx.o [1]
  .text              ro code   0x800'19f0     0x4  startup_stm32l475xx.o [1]
  .text              ro code   0x800'19f4     0x4  startup_stm32l475xx.o [1]
  .text              ro code   0x800'19f8     0x4  startup_stm32l475xx.o [1]
  .text              ro code   0x800'19fc     0x4  startup_stm32l475xx.o [1]
  .text              ro code   0x800'1a00     0x4  startup_stm32l475xx.o [1]
  .text              ro code   0x800'1a04     0x4  startup_stm32l475xx.o [1]
  .text              ro code   0x800'1a08     0x4  startup_stm32l475xx.o [1]
  .text              ro code   0x800'1a0c     0x4  startup_stm32l475xx.o [1]
  .text              ro code   0x800'1a10     0x4  startup_stm32l475xx.o [1]
  .text              ro code   0x800'1a14     0x4  startup_stm32l475xx.o [1]
  .text              ro code   0x800'1a18     0x4  startup_stm32l475xx.o [1]
  .text              ro code   0x800'1a1c     0x4  startup_stm32l475xx.o [1]
  .text              ro code   0x800'1a20     0x4  startup_stm32l475xx.o [1]
  .text              ro code   0x800'1a24     0x4  startup_stm32l475xx.o [1]
  .text              ro code   0x800'1a28     0x4  startup_stm32l475xx.o [1]
  .text              ro code   0x800'1a2c     0x4  startup_stm32l475xx.o [1]
  .text              ro code   0x800'1a30     0x4  startup_stm32l475xx.o [1]
  .text              ro code   0x800'1a34     0x4  startup_stm32l475xx.o [1]
  .text              ro code   0x800'1a38     0x4  startup_stm32l475xx.o [1]
  .text              ro code   0x800'1a3c     0x4  startup_stm32l475xx.o [1]
  .text              ro code   0x800'1a40     0x4  startup_stm32l475xx.o [1]
  .text              ro code   0x800'1a44     0x4  startup_stm32l475xx.o [1]
  .text              ro code   0x800'1a48     0x4  startup_stm32l475xx.o [1]
  .text              ro code   0x800'1a4c     0x4  startup_stm32l475xx.o [1]
  .text              ro code   0x800'1a50     0x4  startup_stm32l475xx.o [1]
  .text              ro code   0x800'1a54     0x4  startup_stm32l475xx.o [1]
  .text              ro code   0x800'1a58     0x4  startup_stm32l475xx.o [1]
  .text              ro code   0x800'1a5c     0x4  startup_stm32l475xx.o [1]
  .text              ro code   0x800'1a60     0x4  startup_stm32l475xx.o [1]
  .text              ro code   0x800'1a64     0x4  startup_stm32l475xx.o [1]
  .text              ro code   0x800'1a68     0x4  startup_stm32l475xx.o [1]
  .text              ro code   0x800'1a6c     0x4  startup_stm32l475xx.o [1]
  .text              ro code   0x800'1a70     0x4  startup_stm32l475xx.o [1]
  .text              ro code   0x800'1a74     0x4  startup_stm32l475xx.o [1]
  .text              ro code   0x800'1a78     0x4  startup_stm32l475xx.o [1]
  .text              ro code   0x800'1a7c     0x4  startup_stm32l475xx.o [1]
  .text              ro code   0x800'1a80     0x4  startup_stm32l475xx.o [1]
  .text              ro code   0x800'1a84     0x4  startup_stm32l475xx.o [1]
  .text              ro code   0x800'1a88     0x4  startup_stm32l475xx.o [1]
  .text              ro code   0x800'1a8c     0x4  startup_stm32l475xx.o [1]
  .text              ro code   0x800'1a90     0x4  startup_stm32l475xx.o [1]
  .text              ro code   0x800'1a94     0x4  startup_stm32l475xx.o [1]
  .text              ro code   0x800'1a98     0x4  startup_stm32l475xx.o [1]
  .text              ro code   0x800'1a9c     0x4  startup_stm32l475xx.o [1]
  .text              ro code   0x800'1aa0     0x4  startup_stm32l475xx.o [1]
  .text              ro code   0x800'1aa4     0x4  startup_stm32l475xx.o [1]
  .text              ro code   0x800'1aa8     0x4  startup_stm32l475xx.o [1]
  .text              ro code   0x800'1aac     0x4  startup_stm32l475xx.o [1]
  .text              ro code   0x800'1ab0     0x4  startup_stm32l475xx.o [1]
  .text              ro code   0x800'1ab4     0x4  startup_stm32l475xx.o [1]
  .text              ro code   0x800'1ab8     0x4  startup_stm32l475xx.o [1]
  .text              ro code   0x800'1abc     0x4  startup_stm32l475xx.o [1]
  .text              ro code   0x800'1ac0     0x4  startup_stm32l475xx.o [1]
  .text              ro code   0x800'1ac4     0x4  startup_stm32l475xx.o [1]
  .rodata            const     0x800'1ac8     0x0  zero_init3.o [7]
  .rodata            const     0x800'1ac8     0x0  copy_init3.o [7]
                             - 0x800'1ac8  0x1940

"P2-P3", part 1 of 3:                        0x10
  P2-P3-1                     0x2000'0000    0x10  <Init block>
    .data            inited   0x2000'0000     0xc  stm32l4xx_hal.o [4]
    .data            inited   0x2000'000c     0x4  system_stm32l4xx.o [3]
                            - 0x2000'0010    0x10

"P2-P3", part 2 of 3:                        0x98
  .bss               zero     0x2000'0010    0x4c  main.o [2]
  .bss               zero     0x2000'005c    0x4c  stm32l4xx_hal_timebase_tim.o [2]
                            - 0x2000'00a8    0x98

"P2-P3", part 3 of 3:                       0x400
  CSTACK                      0x2000'00a8   0x400  <Block>
    CSTACK           uninit   0x2000'00a8   0x400  <Block tail>
                            - 0x2000'04a8   0x400

Unused ranges:

         From           To      Size
         ----           --      ----
   0x800'1ac8   0x80f'ffff  0xf'e538
  0x2000'04a8  0x2001'7fff  0x1'7b58


*******************************************************************************
*** INIT TABLE
***

          Address      Size
          -------      ----
Zero (__iar_zero_init3)
    1 destination range, total size 0x98:
          0x2000'0010  0x98

Copy (__iar_copy_init3)
    1 source range, total size 0x10:
           0x800'1974  0x10
    1 destination range, total size 0x10:
          0x2000'0000  0x10



*******************************************************************************
*** MODULE SUMMARY
***

    Module                        ro code  ro data  rw data
    ------                        -------  -------  -------
command line/config:
    -------------------------------------------------------
    Total:

C:\Users\Iqbal\embsys310\assignment08\PWM-led\EWARM\PWM-led\Obj\Application\EWARM: [1]
    startup_stm32l475xx.o             724
    -------------------------------------------------------
    Total:                            724

C:\Users\Iqbal\embsys310\assignment08\PWM-led\EWARM\PWM-led\Obj\Application\User\Core: [2]
    main.o                            372                76
    stm32l4xx_hal_msp.o               164
    stm32l4xx_hal_timebase_tim.o      120                76
    stm32l4xx_it.o                     28
    -------------------------------------------------------
    Total:                            684               152

C:\Users\Iqbal\embsys310\assignment08\PWM-led\EWARM\PWM-led\Obj\Drivers\CMSIS: [3]
    system_stm32l4xx.o                 80       60        4
    -------------------------------------------------------
    Total:                             80       60        4

C:\Users\Iqbal\embsys310\assignment08\PWM-led\EWARM\PWM-led\Obj\Drivers\STM32L4xx_HAL_Driver: [4]
    stm32l4xx_hal.o                    98       12       12
    stm32l4xx_hal_cortex.o            156
    stm32l4xx_hal_gpio.o              480
    stm32l4xx_hal_pwr_ex.o            132
    stm32l4xx_hal_rcc.o             1'812
    stm32l4xx_hal_tim.o             2'026
    stm32l4xx_hal_tim_ex.o            154
    -------------------------------------------------------
    Total:                          4'858       12       12

dl7M_tln.a: [5]
    exit.o                              4
    low_level_init.o                    4
    -------------------------------------------------------
    Total:                              8

m7M_tls.a: [6]
    fpinit_M.o                         34
    -------------------------------------------------------
    Total:                             34

rt7M_tl.a: [7]
    ABImemset.o                       102
    cexit.o                            10
    cmain.o                            30
    copy_init3.o                       42
    cstartup_M.o                       28
    data_init.o                        40
    memset.o                           20
    zero_init3.o                       56
    -------------------------------------------------------
    Total:                            328

shb_l.a: [8]
    exit.o                             20
    -------------------------------------------------------
    Total:                             20

    Gaps                               10        2
    Linker created                              36    1'024
-----------------------------------------------------------
    Grand Total:                    6'746      110    1'192


*******************************************************************************
*** ENTRY LIST
***

Entry                       Address   Size  Type      Object
-----                       -------   ----  ----      ------
.iar.init_table$$Base    0x800'18c0          --   Gb  - Linker created -
.iar.init_table$$Limit   0x800'18e4          --   Gb  - Linker created -
?main                    0x800'18e5         Code  Gb  cmain.o [7]
AHBPrescTable            0x800'17fc   0x10  Data  Gb  system_stm32l4xx.o [3]
APBPrescTable            0x800'1984    0x8  Data  Gb  system_stm32l4xx.o [3]
BusFault_Handler         0x800'1933    0x2  Code  Gb  stm32l4xx_it.o [2]
CSTACK$$Base            0x2000'00a8          --   Gb  - Linker created -
CSTACK$$Limit           0x2000'04a8          --   Gb  - Linker created -
DebugMon_Handler         0x800'1939    0x2  Code  Gb  stm32l4xx_it.o [2]
Error_Handler            0x800'0bad    0x4  Code  Gb  main.o [2]
HAL_Delay                0x800'0e65   0x28  Code  Gb  stm32l4xx_hal.o [4]
HAL_GPIO_Init            0x800'0bd1  0x1bc  Code  Gb  stm32l4xx_hal_gpio.o [4]
HAL_GetTick              0x800'17b1    0xc  Code  Gb  stm32l4xx_hal.o [4]
HAL_IncTick              0x800'1625   0x10  Code  Gb  stm32l4xx_hal.o [4]
HAL_Init                 0x800'0db1   0x1e  Code  Gb  stm32l4xx_hal.o [4]
HAL_InitTick             0x800'1739   0x66  Code  Gb  stm32l4xx_hal_timebase_tim.o [2]
HAL_MspInit              0x800'0995   0x2c  Code  Gb  stm32l4xx_hal_msp.o [2]
HAL_NVIC_EnableIRQ       0x800'170d   0x16  Code  Gb  stm32l4xx_hal_cortex.o [4]
HAL_NVIC_SetPriority     0x800'16d1   0x3a  Code  Gb  stm32l4xx_hal_cortex.o [4]
HAL_NVIC_SetPriorityGrouping
                         0x800'16b7   0x1a  Code  Gb  stm32l4xx_hal_cortex.o [4]
HAL_PWREx_ControlVoltageScaling
                         0x800'0e99   0x5c  Code  Gb  stm32l4xx_hal_pwr_ex.o [4]
HAL_PWREx_GetVoltageRange
                         0x800'0e8d    0xc  Code  Gb  stm32l4xx_hal_pwr_ex.o [4]
HAL_RCC_ClockConfig      0x800'137b  0x100  Code  Gb  stm32l4xx_hal_rcc.o [4]
HAL_RCC_GetClockConfig   0x800'1539   0x36  Code  Gb  stm32l4xx_hal_rcc.o [4]
HAL_RCC_GetPCLK2Freq     0x800'1521    0xe  Code  Gb  stm32l4xx_hal_rcc.o [4]
HAL_RCC_GetSysClockFreq
                         0x800'148f   0x92  Code  Gb  stm32l4xx_hal_rcc.o [4]
HAL_RCC_OscConfig        0x800'0f11  0x43e  Code  Gb  stm32l4xx_hal_rcc.o [4]
HAL_TIMEx_Break2Callback
                         0x800'0bb3    0x2  Code  Gb  stm32l4xx_hal_tim_ex.o [4]
HAL_TIMEx_BreakCallback
                         0x800'0bb1    0x2  Code  Gb  stm32l4xx_hal_tim_ex.o [4]
HAL_TIMEx_CommutCallback
                         0x800'0bb7    0x2  Code  Gb  stm32l4xx_hal_tim_ex.o [4]
HAL_TIMEx_MasterConfigSynchronization
                         0x800'0dd1   0x7a  Code  Gb  stm32l4xx_hal_tim_ex.o [4]
HAL_TIM_Base_Init        0x800'0189   0x1a  Code  Gb  stm32l4xx_hal_tim.o [4]
HAL_TIM_Base_MspInit     0x800'0969    0x2  Code  Gb  stm32l4xx_hal_tim.o [4]
HAL_TIM_Base_Start_IT    0x800'01a3   0x72  Code  Gb  stm32l4xx_hal_tim.o [4]
HAL_TIM_IC_CaptureCallback
                         0x800'0a39    0x2  Code  Gb  stm32l4xx_hal_tim.o [4]
HAL_TIM_IRQHandler       0x800'039d  0x15c  Code  Gb  stm32l4xx_hal_tim.o [4]
HAL_TIM_MspPostInit      0x800'09e3   0x4c  Code  Gb  stm32l4xx_hal_msp.o [2]
HAL_TIM_OC_DelayElapsedCallback
                         0x800'0a3b    0x2  Code  Gb  stm32l4xx_hal_tim.o [4]
HAL_TIM_PWM_ConfigChannel
                         0x800'04ff  0x102  Code  Gb  stm32l4xx_hal_tim.o [4]
HAL_TIM_PWM_Init         0x800'023f   0x1a  Code  Gb  stm32l4xx_hal_tim.o [4]
HAL_TIM_PWM_MspInit      0x800'09c1   0x22  Code  Gb  stm32l4xx_hal_msp.o [2]
HAL_TIM_PWM_PulseFinishedCallback
                         0x800'0bb9    0x2  Code  Gb  stm32l4xx_hal_tim.o [4]
HAL_TIM_PWM_Start        0x800'0259   0xc4  Code  Gb  stm32l4xx_hal_tim.o [4]
HAL_TIM_PeriodElapsedCallback
                         0x800'0b93    0xe  Code  Gb  main.o [2]
HAL_TIM_TriggerCallback
                         0x800'0bb5    0x2  Code  Gb  stm32l4xx_hal_tim.o [4]
HardFault_Handler        0x800'192f    0x2  Code  Gb  stm32l4xx_it.o [2]
MSIRangeTable            0x800'1844   0x30  Data  Gb  system_stm32l4xx.o [3]
MemManage_Handler        0x800'1931    0x2  Code  Gb  stm32l4xx_it.o [2]
NMI_Handler              0x800'192d    0x2  Code  Gb  stm32l4xx_it.o [2]
PendSV_Handler           0x800'193b    0x2  Code  Gb  stm32l4xx_it.o [2]
RCC_SetFlashLatencyFromMSIRange
                         0x800'156f   0x74  Code  Lc  stm32l4xx_hal_rcc.o [4]
Region$$Table$$Base      0x800'18c0          --   Gb  - Linker created -
Region$$Table$$Limit     0x800'18e4          --   Gb  - Linker created -
SVC_Handler              0x800'1937    0x2  Code  Gb  stm32l4xx_it.o [2]
SysTick_Handler          0x800'193d    0x2  Code  Gb  stm32l4xx_it.o [2]
SystemClock_Config       0x800'0b17   0x7c  Code  Gb  main.o [2]
SystemCoreClock         0x2000'000c    0x4  Data  Gb  system_stm32l4xx.o [3]
SystemInit               0x800'17bd   0x34  Code  Gb  system_stm32l4xx.o [3]
TIM1_TRG_COM_TIM17_IRQHandler
                         0x800'193f    0x6  Code  Gb  stm32l4xx_it.o [2]
TIM_Base_SetConfig       0x800'060d   0xac  Code  Gb  stm32l4xx_hal_tim.o [4]
TIM_CCxChannelCmd        0x800'094d   0x16  Code  Gb  stm32l4xx_hal_tim.o [4]
TIM_OC1_SetConfig        0x800'06b9   0x82  Code  Lc  stm32l4xx_hal_tim.o [4]
TIM_OC2_SetConfig        0x800'073b   0x72  Code  Gb  stm32l4xx_hal_tim.o [4]
TIM_OC3_SetConfig        0x800'07ad   0x70  Code  Lc  stm32l4xx_hal_tim.o [4]
TIM_OC4_SetConfig        0x800'081d   0x4e  Code  Lc  stm32l4xx_hal_tim.o [4]
TIM_OC5_SetConfig        0x800'086b   0x54  Code  Lc  stm32l4xx_hal_tim.o [4]
TIM_OC6_SetConfig        0x800'08bf   0x4e  Code  Lc  stm32l4xx_hal_tim.o [4]
UsageFault_Handler       0x800'1935    0x2  Code  Gb  stm32l4xx_it.o [2]
__NVIC_SetPriority       0x800'169d   0x1a  Code  Lc  stm32l4xx_hal_cortex.o [4]
__aeabi_memset           0x800'1635         Code  Gb  ABImemset.o [7]
__cmain                  0x800'18e5         Code  Gb  cmain.o [7]
__exit                   0x800'1919   0x14  Code  Gb  exit.o [8]
__iar_Memset             0x800'1635         Code  Gb  ABImemset.o [7]
__iar_Memset_word        0x800'163d         Code  Gb  ABImemset.o [7]
__iar_copy_init3         0x800'096b   0x2a  Code  Gb  copy_init3.o [7]
__iar_data_init3         0x800'1875   0x28  Code  Gb  data_init.o [7]
__iar_init_vfp           0x800'189d         Code  Gb  fpinit_M.o [6]
__iar_program_start      0x800'1949         Code  Gb  cstartup_M.o [7]
__iar_zero_init3         0x800'180d   0x38  Code  Gb  zero_init3.o [7]
__low_level_init         0x800'1903    0x4  Code  Gb  low_level_init.o [5]
__vector_table           0x800'0000         Data  Gb  startup_stm32l475xx.o [1]
_call_main               0x800'18f1         Code  Gb  cmain.o [7]
_exit                    0x800'190d         Code  Gb  cexit.o [7]
exit                     0x800'1907    0x4  Code  Gb  exit.o [5]
htim17                  0x2000'005c   0x4c  Data  Gb  stm32l4xx_hal_timebase_tim.o [2]
htim2                   0x2000'0010   0x4c  Data  Gb  main.o [2]
main                     0x800'0a3d   0xb4  Code  Gb  main.o [2]
memset                   0x800'0bbb   0x14  Code  Gb  memset.o [7]
user_pwm_setvalue        0x800'0af1   0x26  Code  Gb  main.o [2]
uwTick                  0x2000'0004    0x4  Data  Gb  stm32l4xx_hal.o [4]
uwTickFreq              0x2000'0000    0x1  Data  Gb  stm32l4xx_hal.o [4]
uwTickPrio              0x2000'0008    0x4  Data  Gb  stm32l4xx_hal.o [4]


[1] = C:\Users\Iqbal\embsys310\assignment08\PWM-led\EWARM\PWM-led\Obj\Application\EWARM
[2] = C:\Users\Iqbal\embsys310\assignment08\PWM-led\EWARM\PWM-led\Obj\Application\User\Core
[3] = C:\Users\Iqbal\embsys310\assignment08\PWM-led\EWARM\PWM-led\Obj\Drivers\CMSIS
[4] = C:\Users\Iqbal\embsys310\assignment08\PWM-led\EWARM\PWM-led\Obj\Drivers\STM32L4xx_HAL_Driver
[5] = dl7M_tln.a
[6] = m7M_tls.a
[7] = rt7M_tl.a
[8] = shb_l.a

  6'746 bytes of readonly  code memory
    110 bytes of readonly  data memory
  1'192 bytes of readwrite data memory

Errors: none
Warnings: none
