###############################################################################
#
# IAR ELF Linker V9.10.2.313/W64 for ARM                  29/Oct/2021  20:53:35
# Copyright 2007-2021 IAR Systems AB.
#
#    Output file  =
#        C:\Users\Iqbal\embsys310\assignment03\Debug\Exe\blnk-led.out
#    Map file     =
#        C:\Users\Iqbal\embsys310\assignment03\Debug\List\blnk-led.map
#    Command line =
#        -f C:\Users\Iqbal\embsys310\assignment03\Debug\Exe\blnk-led.out.rsp
#        (C:\Users\Iqbal\embsys310\assignment03\Debug\Obj\main.o
#        --no_out_extension -o
#        C:\Users\Iqbal\embsys310\assignment03\Debug\Exe\blnk-led.out
#        --redirect _Printf=_PrintfFullNoMb --redirect _Scanf=_ScanfFullNoMb
#        --map C:\Users\Iqbal\embsys310\assignment03\Debug\List\blnk-led.map
#        --config "C:\Program Files\IAR Systems\Embedded Workbench
#        9.0\arm\config\linker\ST\stm32l475xG.icf" --semihosting --entry
#        __iar_program_start --vfe --text_out locale)
#
###############################################################################

*******************************************************************************
*** RUNTIME MODEL ATTRIBUTES
***

CppFlavor       = *
__SystemLibrary = DLib
__dlib_version  = 6


*******************************************************************************
*** HEAP SELECTION
***

The basic heap was selected because some modules are built with
size limitations (and not runtime checking), and --advanced_heap
was not specified.


*******************************************************************************
*** PLACEMENT SUMMARY
***

"A0":  place at address 0x800'0000 { ro section .intvec };
"P1":  place in [from 0x0 to 0x0] |
                [from 0x800'0000 to 0x80f'ffff] { ro };
define block CSTACK with size = 8K, alignment = 8 { };
define block PROC_STACK with size = 0, alignment = 8 { };
define block HEAP with size = 8K, alignment = 8 { };
"P3":  place in [from 0x2000'0000 to 0x2001'7fff] {
          rw, block CSTACK, block PROC_STACK, block HEAP };

No sections matched the following patterns:

  ro section application_specific_ro  in "P2|P5"
  rw                                  in "P3"
  rw section application_specific_rw  in "P2|P5"
  section .textrw                     in "P4"


  Section   Kind         Address    Size  Object
  -------   ----         -------    ----  ------
"A0":                               0x40
  .intvec   ro code   0x800'0000    0x40  vector_table_M.o [4]
                    - 0x800'0040    0x40

"P1":                               0xe4
  .text     ro code   0x800'0040    0x56  main.o [1]
  .text     ro code   0x800'0096     0x2  vectortrap_M.o [4]
  .text     ro code   0x800'0098    0x22  fpinit_M.o [3]
  .text     ro code   0x800'00bc    0x1e  cmain.o [4]
  .text     ro code   0x800'00da     0x4  low_level_init.o [2]
  .text     ro code   0x800'00de     0x4  exit.o [2]
  .text     ro code   0x800'00e4     0xa  cexit.o [4]
  .text     ro code   0x800'00f0    0x14  exit.o [5]
  .text     ro code   0x800'0104    0x1c  cstartup_M.o [4]
  .rodata   const     0x800'0120     0x4  main.o [1]
                    - 0x800'0124    0xe4

"P3":                             0x2000
  CSTACK             0x2000'0000  0x2000  <Block>
    CSTACK  uninit   0x2000'0000  0x2000  <Block tail>
                   - 0x2000'2000  0x2000

Unused ranges:

         From           To      Size
         ----           --      ----
          0x0          0x0       0x1
   0x800'0124   0x80f'ffff  0xf'fedc
  0x2000'2000  0x2001'7fff  0x1'6000



*******************************************************************************
*** MODULE SUMMARY
***

    Module            ro code  ro data  rw data
    ------            -------  -------  -------
command line/config:
    -------------------------------------------
    Total:

C:\Users\Iqbal\embsys310\assignment03\Debug\Obj: [1]
    main.o                 86        4
    -------------------------------------------
    Total:                 86        4

dl7M_tln.a: [2]
    exit.o                  4
    low_level_init.o        4
    -------------------------------------------
    Total:                  8

m7M_tls.a: [3]
    fpinit_M.o             34
    -------------------------------------------
    Total:                 34

rt7M_tl.a: [4]
    cexit.o                10
    cmain.o                30
    cstartup_M.o           28
    vector_table_M.o       64
    vectortrap_M.o          2
    -------------------------------------------
    Total:                134

shb_l.a: [5]
    exit.o                 20
    -------------------------------------------
    Total:                 20

    Gaps                    6
    Linker created                        8'192
-----------------------------------------------
    Grand Total:          288        4    8'192


*******************************************************************************
*** ENTRY LIST
***

Entry                     Address  Size  Type      Object
-----                     -------  ----  ----      ------
?main                  0x800'00bd        Code  Gb  cmain.o [4]
BusFault_Handler       0x800'0097        Code  Wk  vectortrap_M.o [4]
CSTACK$$Base          0x2000'0000         --   Gb  - Linker created -
CSTACK$$Limit         0x2000'2000         --   Gb  - Linker created -
DLY                    0x800'0120   0x4  Data  Gb  main.o [1]
DebugMon_Handler       0x800'0097        Code  Wk  vectortrap_M.o [4]
HardFault_Handler      0x800'0097        Code  Wk  vectortrap_M.o [4]
MemManage_Handler      0x800'0097        Code  Wk  vectortrap_M.o [4]
NMI_Handler            0x800'0097        Code  Wk  vectortrap_M.o [4]
PendSV_Handler         0x800'0097        Code  Wk  vectortrap_M.o [4]
Region$$Table$$Base           0x0         --   Gb  - Linker created -
Region$$Table$$Limit          0x0         --   Gb  - Linker created -
SVC_Handler            0x800'0097        Code  Wk  vectortrap_M.o [4]
SysTick_Handler        0x800'0097        Code  Wk  vectortrap_M.o [4]
UsageFault_Handler     0x800'0097        Code  Wk  vectortrap_M.o [4]
__cmain                0x800'00bd        Code  Gb  cmain.o [4]
__exit                 0x800'00f1  0x14  Code  Gb  exit.o [5]
__iar_init_vfp         0x800'0099        Code  Gb  fpinit_M.o [3]
__iar_program_start    0x800'0105        Code  Gb  cstartup_M.o [4]
__low_level_init       0x800'00db   0x4  Code  Gb  low_level_init.o [2]
__vector_table         0x800'0000        Data  Gb  vector_table_M.o [4]
_call_main             0x800'00c9        Code  Gb  cmain.o [4]
_exit                  0x800'00e5        Code  Gb  cexit.o [4]
delay                  0x800'0089   0xe  Code  Gb  main.o [1]
exit                   0x800'00df   0x4  Code  Gb  exit.o [2]
main                   0x800'0041  0x3c  Code  Gb  main.o [1]


[1] = C:\Users\Iqbal\embsys310\assignment03\Debug\Obj
[2] = dl7M_tln.a
[3] = m7M_tls.a
[4] = rt7M_tl.a
[5] = shb_l.a

    288 bytes of readonly  code memory
      4 bytes of readonly  data memory
  8'192 bytes of readwrite data memory

Errors: none
Warnings: none
