###############################################################################
#
# IAR ELF Linker V9.10.2.313/W64 for ARM                  10/Oct/2021  23:02:46
# Copyright 2007-2021 IAR Systems AB.
#
#    Output file  =
#        C:\Users\Iqbal\embsys310\assignment01\Hello_World\EWARM\Hello_World\Exe\Hello_World.out
#    Map file     =
#        C:\Users\Iqbal\embsys310\assignment01\Hello_World\EWARM\Hello_World\List\Hello_World.map
#    Command line =
#        -f
#        C:\Users\Iqbal\embsys310\assignment01\Hello_World\EWARM\Hello_World\Exe\Hello_World.out.rsp
#        (C:\Users\Iqbal\embsys310\assignment01\Hello_World\EWARM\Hello_World\Obj\Application\User\main.o
#        C:\Users\Iqbal\embsys310\assignment01\Hello_World\EWARM\Hello_World\Obj\Application\EWARM\startup_stm32l475xx.o
#        C:\Users\Iqbal\embsys310\assignment01\Hello_World\EWARM\Hello_World\Obj\Drivers\STM32L4xx_HAL_Driver\stm32l4xx_hal.o
#        C:\Users\Iqbal\embsys310\assignment01\Hello_World\EWARM\Hello_World\Obj\Drivers\STM32L4xx_HAL_Driver\stm32l4xx_hal_cortex.o
#        C:\Users\Iqbal\embsys310\assignment01\Hello_World\EWARM\Hello_World\Obj\Drivers\STM32L4xx_HAL_Driver\stm32l4xx_hal_dma.o
#        C:\Users\Iqbal\embsys310\assignment01\Hello_World\EWARM\Hello_World\Obj\Drivers\STM32L4xx_HAL_Driver\stm32l4xx_hal_dma_ex.o
#        C:\Users\Iqbal\embsys310\assignment01\Hello_World\EWARM\Hello_World\Obj\Drivers\STM32L4xx_HAL_Driver\stm32l4xx_hal_exti.o
#        C:\Users\Iqbal\embsys310\assignment01\Hello_World\EWARM\Hello_World\Obj\Drivers\STM32L4xx_HAL_Driver\stm32l4xx_hal_flash.o
#        C:\Users\Iqbal\embsys310\assignment01\Hello_World\EWARM\Hello_World\Obj\Drivers\STM32L4xx_HAL_Driver\stm32l4xx_hal_flash_ex.o
#        C:\Users\Iqbal\embsys310\assignment01\Hello_World\EWARM\Hello_World\Obj\Drivers\STM32L4xx_HAL_Driver\stm32l4xx_hal_flash_ramfunc.o
#        C:\Users\Iqbal\embsys310\assignment01\Hello_World\EWARM\Hello_World\Obj\Drivers\STM32L4xx_HAL_Driver\stm32l4xx_hal_gpio.o
#        C:\Users\Iqbal\embsys310\assignment01\Hello_World\EWARM\Hello_World\Obj\Drivers\STM32L4xx_HAL_Driver\stm32l4xx_hal_i2c.o
#        C:\Users\Iqbal\embsys310\assignment01\Hello_World\EWARM\Hello_World\Obj\Drivers\STM32L4xx_HAL_Driver\stm32l4xx_hal_i2c_ex.o
#        C:\Users\Iqbal\embsys310\assignment01\Hello_World\EWARM\Hello_World\Obj\Application\User\stm32l4xx_hal_msp.o
#        C:\Users\Iqbal\embsys310\assignment01\Hello_World\EWARM\Hello_World\Obj\Drivers\STM32L4xx_HAL_Driver\stm32l4xx_hal_pwr.o
#        C:\Users\Iqbal\embsys310\assignment01\Hello_World\EWARM\Hello_World\Obj\Drivers\STM32L4xx_HAL_Driver\stm32l4xx_hal_pwr_ex.o
#        C:\Users\Iqbal\embsys310\assignment01\Hello_World\EWARM\Hello_World\Obj\Drivers\STM32L4xx_HAL_Driver\stm32l4xx_hal_rcc.o
#        C:\Users\Iqbal\embsys310\assignment01\Hello_World\EWARM\Hello_World\Obj\Drivers\STM32L4xx_HAL_Driver\stm32l4xx_hal_rcc_ex.o
#        C:\Users\Iqbal\embsys310\assignment01\Hello_World\EWARM\Hello_World\Obj\Drivers\STM32L4xx_HAL_Driver\stm32l4xx_hal_tim.o
#        C:\Users\Iqbal\embsys310\assignment01\Hello_World\EWARM\Hello_World\Obj\Drivers\STM32L4xx_HAL_Driver\stm32l4xx_hal_tim_ex.o
#        C:\Users\Iqbal\embsys310\assignment01\Hello_World\EWARM\Hello_World\Obj\Drivers\STM32L4xx_HAL_Driver\stm32l4xx_hal_uart.o
#        C:\Users\Iqbal\embsys310\assignment01\Hello_World\EWARM\Hello_World\Obj\Drivers\STM32L4xx_HAL_Driver\stm32l4xx_hal_uart_ex.o
#        C:\Users\Iqbal\embsys310\assignment01\Hello_World\EWARM\Hello_World\Obj\Application\User\stm32l4xx_it.o
#        C:\Users\Iqbal\embsys310\assignment01\Hello_World\EWARM\Hello_World\Obj\Drivers\CMSIS\system_stm32l4xx.o
#        --redirect _Printf=_PrintfFull --redirect _Scanf=_ScanfFull
#        --no_out_extension -o
#        C:\Users\Iqbal\embsys310\assignment01\Hello_World\EWARM\Hello_World\Exe\Hello_World.out
#        --map
#        C:\Users\Iqbal\embsys310\assignment01\Hello_World\EWARM\Hello_World\List\Hello_World.map
#        --config
#        C:\Users\Iqbal\embsys310\assignment01\Hello_World\EWARM/stm32l475xx_flash.icf
#        --semihosting --entry __iar_program_start --vfe --text_out locale)
#
###############################################################################

*******************************************************************************
*** RUNTIME MODEL ATTRIBUTES
***

CppFlavor       = *
__SystemLibrary = DLib
__dlib_version  = 6


*******************************************************************************
*** HEAP SELECTION
***

The basic heap was selected because some modules are built with
size limitations (and not runtime checking), and --advanced_heap
was not specified.


*******************************************************************************
*** PLACEMENT SUMMARY
***

"A0":  place at address 0x800'0000 { ro section .intvec };
"P1":  place in [from 0x800'0000 to 0x80f'ffff] { ro };
define block CSTACK with size = 1K, alignment = 8 { };
define block HEAP with size = 512, alignment = 8 { };
"P2":  place in [from 0x2000'0000 to 0x2001'7fff] {
          rw, block CSTACK, block HEAP };
"P3":  place in [from 0x2000'0000 to 0x2001'7fff] { };
initialize by copy { rw };

  Section            Kind         Address    Size  Object
  -------            ----         -------    ----  ------
"A0":                                       0x188
  .intvec            ro code   0x800'0000   0x188  startup_stm32l475xx.o [1]
                             - 0x800'0188   0x188

"P1":                                      0x1c73
  .text              ro code   0x800'0188   0x6ec  stm32l4xx_hal_rcc.o [4]
  .text              ro code   0x800'0874    0x44  stm32l4xx_hal.o [4]
  .text              ro code   0x800'08b8     0xc  stm32l4xx_hal.o [4]
  .text              ro code   0x800'08c4    0x84  stm32l4xx_hal_pwr_ex.o [4]
  .text              ro code   0x800'0948    0xac  stm32l4xx_hal_cortex.o [4]
  .text              ro code   0x800'09f4   0x592  stm32l4xx_hal_uart.o [4]
  .text              ro code   0x800'0f86    0x3a  packbits_init_single.o [7]
  .text              ro code   0x800'0fc0    0x9c  stm32l4xx_hal_msp.o [2]
  .text              ro code   0x800'105c   0x106  I64DivMod_small.o [7]
  .text              ro code   0x800'1162    0x14  memset.o [7]
  .text              ro code   0x800'1178   0x1f8  stm32l4xx_hal_gpio.o [4]
  .text              ro code   0x800'1370     0x2  I64DivZer.o [7]
  .text              ro code   0x800'1374    0x66  ABImemset.o [7]
  .text              ro code   0x800'13dc   0x544  stm32l4xx_hal_rcc_ex.o [4]
  .text              ro code   0x800'1920   0x170  main.o [2]
  .text              ro code   0x800'1a90    0x1e  stm32l4xx_hal.o [4]
  .text              ro code   0x800'1ab0    0x28  stm32l4xx_hal.o [4]
  .text              ro code   0x800'1ad8    0x5c  system_stm32l4xx.o [3]
  .rodata            const     0x800'1b34    0x30  system_stm32l4xx.o [3]
  .text              ro code   0x800'1b64    0x28  data_init.o [7]
  .text              ro code   0x800'1b8c    0x22  fpinit_M.o [6]
  .iar.init_table    const     0x800'1bb0    0x10  - Linker created -
  .text              ro code   0x800'1bc0    0x1e  cmain.o [7]
  .text              ro code   0x800'1bde     0x4  low_level_init.o [5]
  .text              ro code   0x800'1be2     0x4  exit.o [5]
  .text              ro code   0x800'1be8     0xa  cexit.o [7]
  .text              ro code   0x800'1bf4    0x14  exit.o [8]
  .text              ro code   0x800'1c08    0x1c  cstartup_M.o [7]
  .text              ro code   0x800'1c24    0x14  stm32l4xx_it.o [2]
  .text              ro code   0x800'1c38    0x10  stm32l4xx_hal.o [4]
  .text              ro code   0x800'1c48    0x10  startup_stm32l475xx.o [1]
  .rodata            const     0x800'1c58     0x8  system_stm32l4xx.o [3]
  .text              ro code   0x800'1c60     0x4  startup_stm32l475xx.o [1]
  .text              ro code   0x800'1c64     0x4  startup_stm32l475xx.o [1]
  .text              ro code   0x800'1c68     0x4  startup_stm32l475xx.o [1]
  .text              ro code   0x800'1c6c     0x4  startup_stm32l475xx.o [1]
  .text              ro code   0x800'1c70     0x4  startup_stm32l475xx.o [1]
  .text              ro code   0x800'1c74     0x4  startup_stm32l475xx.o [1]
  .text              ro code   0x800'1c78     0x4  startup_stm32l475xx.o [1]
  .text              ro code   0x800'1c7c     0x4  startup_stm32l475xx.o [1]
  .text              ro code   0x800'1c80     0x4  startup_stm32l475xx.o [1]
  .text              ro code   0x800'1c84     0x4  startup_stm32l475xx.o [1]
  .text              ro code   0x800'1c88     0x4  startup_stm32l475xx.o [1]
  .text              ro code   0x800'1c8c     0x4  startup_stm32l475xx.o [1]
  .text              ro code   0x800'1c90     0x4  startup_stm32l475xx.o [1]
  .text              ro code   0x800'1c94     0x4  startup_stm32l475xx.o [1]
  .text              ro code   0x800'1c98     0x4  startup_stm32l475xx.o [1]
  .text              ro code   0x800'1c9c     0x4  startup_stm32l475xx.o [1]
  .text              ro code   0x800'1ca0     0x4  startup_stm32l475xx.o [1]
  .text              ro code   0x800'1ca4     0x4  startup_stm32l475xx.o [1]
  .text              ro code   0x800'1ca8     0x4  startup_stm32l475xx.o [1]
  .text              ro code   0x800'1cac     0x4  startup_stm32l475xx.o [1]
  .text              ro code   0x800'1cb0     0x4  startup_stm32l475xx.o [1]
  .text              ro code   0x800'1cb4     0x4  startup_stm32l475xx.o [1]
  .text              ro code   0x800'1cb8     0x4  startup_stm32l475xx.o [1]
  .text              ro code   0x800'1cbc     0x4  startup_stm32l475xx.o [1]
  .text              ro code   0x800'1cc0     0x4  startup_stm32l475xx.o [1]
  .text              ro code   0x800'1cc4     0x4  startup_stm32l475xx.o [1]
  .text              ro code   0x800'1cc8     0x4  startup_stm32l475xx.o [1]
  .text              ro code   0x800'1ccc     0x4  startup_stm32l475xx.o [1]
  .text              ro code   0x800'1cd0     0x4  startup_stm32l475xx.o [1]
  .text              ro code   0x800'1cd4     0x4  startup_stm32l475xx.o [1]
  .text              ro code   0x800'1cd8     0x4  startup_stm32l475xx.o [1]
  .text              ro code   0x800'1cdc     0x4  startup_stm32l475xx.o [1]
  .text              ro code   0x800'1ce0     0x4  startup_stm32l475xx.o [1]
  .text              ro code   0x800'1ce4     0x4  startup_stm32l475xx.o [1]
  .text              ro code   0x800'1ce8     0x4  startup_stm32l475xx.o [1]
  .text              ro code   0x800'1cec     0x4  startup_stm32l475xx.o [1]
  .text              ro code   0x800'1cf0     0x4  startup_stm32l475xx.o [1]
  .text              ro code   0x800'1cf4     0x4  startup_stm32l475xx.o [1]
  .text              ro code   0x800'1cf8     0x4  startup_stm32l475xx.o [1]
  .text              ro code   0x800'1cfc     0x4  startup_stm32l475xx.o [1]
  .text              ro code   0x800'1d00     0x4  startup_stm32l475xx.o [1]
  .text              ro code   0x800'1d04     0x4  startup_stm32l475xx.o [1]
  .text              ro code   0x800'1d08     0x4  startup_stm32l475xx.o [1]
  .text              ro code   0x800'1d0c     0x4  startup_stm32l475xx.o [1]
  .text              ro code   0x800'1d10     0x4  startup_stm32l475xx.o [1]
  .text              ro code   0x800'1d14     0x4  startup_stm32l475xx.o [1]
  .text              ro code   0x800'1d18     0x4  startup_stm32l475xx.o [1]
  .text              ro code   0x800'1d1c     0x4  startup_stm32l475xx.o [1]
  .text              ro code   0x800'1d20     0x4  startup_stm32l475xx.o [1]
  .text              ro code   0x800'1d24     0x4  startup_stm32l475xx.o [1]
  .text              ro code   0x800'1d28     0x4  startup_stm32l475xx.o [1]
  .text              ro code   0x800'1d2c     0x4  startup_stm32l475xx.o [1]
  .text              ro code   0x800'1d30     0x4  startup_stm32l475xx.o [1]
  .text              ro code   0x800'1d34     0x4  startup_stm32l475xx.o [1]
  .text              ro code   0x800'1d38     0x4  startup_stm32l475xx.o [1]
  .text              ro code   0x800'1d3c     0x4  startup_stm32l475xx.o [1]
  .text              ro code   0x800'1d40     0x4  startup_stm32l475xx.o [1]
  .text              ro code   0x800'1d44     0x4  startup_stm32l475xx.o [1]
  .text              ro code   0x800'1d48     0x4  startup_stm32l475xx.o [1]
  .text              ro code   0x800'1d4c     0x4  startup_stm32l475xx.o [1]
  .text              ro code   0x800'1d50     0x4  startup_stm32l475xx.o [1]
  .text              ro code   0x800'1d54     0x4  startup_stm32l475xx.o [1]
  .text              ro code   0x800'1d58     0x4  startup_stm32l475xx.o [1]
  .text              ro code   0x800'1d5c     0x4  startup_stm32l475xx.o [1]
  .text              ro code   0x800'1d60     0x4  startup_stm32l475xx.o [1]
  .text              ro code   0x800'1d64     0x4  startup_stm32l475xx.o [1]
  .text              ro code   0x800'1d68     0x4  startup_stm32l475xx.o [1]
  .text              ro code   0x800'1d6c     0x4  startup_stm32l475xx.o [1]
  .text              ro code   0x800'1d70     0x4  startup_stm32l475xx.o [1]
  .text              ro code   0x800'1d74     0x4  startup_stm32l475xx.o [1]
  .text              ro code   0x800'1d78     0x4  startup_stm32l475xx.o [1]
  .text              ro code   0x800'1d7c     0x4  startup_stm32l475xx.o [1]
  .text              ro code   0x800'1d80     0x4  startup_stm32l475xx.o [1]
  .text              ro code   0x800'1d84     0x4  startup_stm32l475xx.o [1]
  .text              ro code   0x800'1d88     0x4  startup_stm32l475xx.o [1]
  .text              ro code   0x800'1d8c     0x4  startup_stm32l475xx.o [1]
  .text              ro code   0x800'1d90     0x4  startup_stm32l475xx.o [1]
  .text              ro code   0x800'1d94     0x4  startup_stm32l475xx.o [1]
  .text              ro code   0x800'1d98     0x4  startup_stm32l475xx.o [1]
  .text              ro code   0x800'1d9c     0x4  startup_stm32l475xx.o [1]
  .rodata            const     0x800'1da0     0x0  packbits_init_single.o [7]
  Initializer bytes  const     0x800'1da0    0x5b  <for P2-P3-1>
                             - 0x800'1dfb  0x1c73

"P2-P3", part 1 of 2:                        0xdc
  P2-P3-1                     0x2000'0000    0xdc  <Init block>
    .data            inited   0x2000'0000    0xcc  main.o [2]
    .data            inited   0x2000'00cc     0xc  stm32l4xx_hal.o [4]
    .data            inited   0x2000'00d8     0x4  system_stm32l4xx.o [3]
                            - 0x2000'00dc    0xdc

"P2-P3", part 2 of 2:                       0x400
  CSTACK                      0x2000'00e0   0x400  <Block>
    CSTACK           uninit   0x2000'00e0   0x400  <Block tail>
                            - 0x2000'04e0   0x400

Unused ranges:

         From           To      Size
         ----           --      ----
   0x800'1dfb   0x80f'ffff  0xf'e205
  0x2000'00dc  0x2000'00df       0x4
  0x2000'04e0  0x2001'7fff  0x1'7b20


*******************************************************************************
*** INIT TABLE
***

          Address      Size
          -------      ----
Copy/packbits (__iar_packbits_init_single3)
    1 source range, total size 0x5b (41% of destination):
           0x800'1da0  0x5b
    1 destination range, total size 0xdc:
          0x2000'0000  0xdc



*******************************************************************************
*** MODULE SUMMARY
***

    Module                  ro code  ro data  rw data
    ------                  -------  -------  -------
command line/config:
    -------------------------------------------------
    Total:

C:\Users\Iqbal\embsys310\assignment01\Hello_World\EWARM\Hello_World\Obj\Application\EWARM: [1]
    startup_stm32l475xx.o       728
    -------------------------------------------------
    Total:                      728

C:\Users\Iqbal\embsys310\assignment01\Hello_World\EWARM\Hello_World\Obj\Application\User: [2]
    main.o                      368       84      204
    stm32l4xx_hal_msp.o         156
    stm32l4xx_it.o               20
    -------------------------------------------------
    Total:                      544       84      204

C:\Users\Iqbal\embsys310\assignment01\Hello_World\EWARM\Hello_World\Obj\Drivers\CMSIS: [3]
    system_stm32l4xx.o           92       58        4
    -------------------------------------------------
    Total:                       92       58        4

C:\Users\Iqbal\embsys310\assignment01\Hello_World\EWARM\Hello_World\Obj\Drivers\STM32L4xx_HAL_Driver: [4]
    stm32l4xx_hal.o             166        5       12
    stm32l4xx_hal_cortex.o      172
    stm32l4xx_hal_gpio.o        504
    stm32l4xx_hal_pwr_ex.o      132
    stm32l4xx_hal_rcc.o       1'772
    stm32l4xx_hal_rcc_ex.o    1'348
    stm32l4xx_hal_uart.o      1'426
    -------------------------------------------------
    Total:                    5'520        5       12

dl7M_tln.a: [5]
    exit.o                        4
    low_level_init.o              4
    -------------------------------------------------
    Total:                        8

m7M_tls.a: [6]
    fpinit_M.o                   34
    -------------------------------------------------
    Total:                       34

rt7M_tl.a: [7]
    ABImemset.o                 102
    I64DivMod_small.o           262
    I64DivZer.o                   2
    cexit.o                      10
    cmain.o                      30
    cstartup_M.o                 28
    data_init.o                  40
    memset.o                     20
    packbits_init_single.o       58
    -------------------------------------------------
    Total:                      552

shb_l.a: [8]
    exit.o                       20
    -------------------------------------------------
    Total:                       20

    Gaps                         12        2
    Linker created                        16    1'024
-----------------------------------------------------
    Grand Total:              7'510      165    1'244


*******************************************************************************
*** ENTRY LIST
***

Entry                       Address   Size  Type      Object
-----                       -------   ----  ----      ------
.iar.init_table$$Base    0x800'1bb0          --   Gb  - Linker created -
.iar.init_table$$Limit   0x800'1bc0          --   Gb  - Linker created -
?main                    0x800'1bc1         Code  Gb  cmain.o [7]
AHBPrescTable            0x800'1b24   0x10  Data  Gb  system_stm32l4xx.o [3]
APBPrescTable            0x800'1c58    0x8  Data  Gb  system_stm32l4xx.o [3]
BusFault_Handler         0x800'1c2b    0x2  Code  Gb  stm32l4xx_it.o [2]
CSTACK$$Base            0x2000'00e0          --   Gb  - Linker created -
CSTACK$$Limit           0x2000'04e0          --   Gb  - Linker created -
DebugMon_Handler         0x800'1c31    0x2  Code  Gb  stm32l4xx_it.o [2]
HAL_Delay                0x800'1ab1   0x28  Code  Gb  stm32l4xx_hal.o [4]
HAL_GPIO_Init            0x800'1179  0x1bc  Code  Gb  stm32l4xx_hal_gpio.o [4]
HAL_GPIO_TogglePin       0x800'133f    0xe  Code  Gb  stm32l4xx_hal_gpio.o [4]
HAL_GPIO_WritePin        0x800'1335    0xa  Code  Gb  stm32l4xx_hal_gpio.o [4]
HAL_GetTick              0x800'08b9    0xc  Code  Gb  stm32l4xx_hal.o [4]
HAL_IncTick              0x800'1c39   0x10  Code  Gb  stm32l4xx_hal.o [4]
HAL_Init                 0x800'1a91   0x1e  Code  Gb  stm32l4xx_hal.o [4]
HAL_InitTick             0x800'0875   0x44  Code  Gb  stm32l4xx_hal.o [4]
HAL_MspInit              0x800'0fc1   0x2c  Code  Gb  stm32l4xx_hal_msp.o [2]
HAL_NVIC_SetPriority     0x800'097d   0x3a  Code  Gb  stm32l4xx_hal_cortex.o [4]
HAL_NVIC_SetPriorityGrouping
                         0x800'0963   0x1a  Code  Gb  stm32l4xx_hal_cortex.o [4]
HAL_PWREx_ControlVoltageScaling
                         0x800'08d1   0x5c  Code  Gb  stm32l4xx_hal_pwr_ex.o [4]
HAL_PWREx_GetVoltageRange
                         0x800'08c5    0xc  Code  Gb  stm32l4xx_hal_pwr_ex.o [4]
HAL_RCCEx_PeriphCLKConfig
                         0x800'13dd  0x31e  Code  Gb  stm32l4xx_hal_rcc_ex.o [4]
HAL_RCC_ClockConfig      0x800'05f3  0x100  Code  Gb  stm32l4xx_hal_rcc.o [4]
HAL_RCC_GetPCLK1Freq     0x800'0799   0x10  Code  Gb  stm32l4xx_hal_rcc.o [4]
HAL_RCC_GetPCLK2Freq     0x800'07a9    0xe  Code  Gb  stm32l4xx_hal_rcc.o [4]
HAL_RCC_GetSysClockFreq
                         0x800'0707   0x92  Code  Gb  stm32l4xx_hal_rcc.o [4]
HAL_RCC_OscConfig        0x800'0189  0x43e  Code  Gb  stm32l4xx_hal_rcc.o [4]
HAL_SYSTICK_Config       0x800'09b7   0x28  Code  Gb  stm32l4xx_hal_cortex.o [4]
HAL_UART_Init            0x800'09f5   0x30  Code  Gb  stm32l4xx_hal_uart.o [4]
HAL_UART_MspInit         0x800'0fed   0x5e  Code  Gb  stm32l4xx_hal_msp.o [2]
HAL_UART_Transmit        0x800'0a75   0xb8  Code  Gb  stm32l4xx_hal_uart.o [4]
HardFault_Handler        0x800'1c27    0x2  Code  Gb  stm32l4xx_it.o [2]
MSIRangeTable            0x800'1b34   0x30  Data  Gb  system_stm32l4xx.o [3]
MemManage_Handler        0x800'1c29    0x2  Code  Gb  stm32l4xx_it.o [2]
NMI_Handler              0x800'1c25    0x2  Code  Gb  stm32l4xx_it.o [2]
PendSV_Handler           0x800'1c33    0x2  Code  Gb  stm32l4xx_it.o [2]
RCCEx_PLLSAI1_Config     0x800'1715   0xe6  Code  Lc  stm32l4xx_hal_rcc_ex.o [4]
RCCEx_PLLSAI2_Config     0x800'1801   0xce  Code  Lc  stm32l4xx_hal_rcc_ex.o [4]
RCC_SetFlashLatencyFromMSIRange
                         0x800'07c1   0x74  Code  Lc  stm32l4xx_hal_rcc.o [4]
Region$$Table$$Base      0x800'1bb0          --   Gb  - Linker created -
Region$$Table$$Limit     0x800'1bc0          --   Gb  - Linker created -
SVC_Handler              0x800'1c2f    0x2  Code  Gb  stm32l4xx_it.o [2]
SysTick_Handler          0x800'1c35    0x4  Code  Gb  stm32l4xx_it.o [2]
SystemClock_Config       0x800'1a0f   0x82  Code  Gb  main.o [2]
SystemCoreClock         0x2000'00d8    0x4  Data  Gb  system_stm32l4xx.o [3]
SystemInit               0x800'1ad9   0x3c  Code  Gb  system_stm32l4xx.o [3]
UART_AdvFeatureConfig    0x800'0de1   0xc6  Code  Gb  stm32l4xx_hal_uart.o [4]
UART_CheckIdleState      0x800'0ea7   0x5a  Code  Gb  stm32l4xx_hal_uart.o [4]
UART_SetConfig           0x800'0b2d  0x276  Code  Gb  stm32l4xx_hal_uart.o [4]
UART_WaitOnFlagUntilTimeout
                         0x800'0f01   0x66  Code  Gb  stm32l4xx_hal_uart.o [4]
UsageFault_Handler       0x800'1c2d    0x2  Code  Gb  stm32l4xx_it.o [2]
__NVIC_SetPriority       0x800'0949   0x1a  Code  Lc  stm32l4xx_hal_cortex.o [4]
__aeabi_ldiv0            0x800'1371         Code  Gb  I64DivZer.o [7]
__aeabi_memset           0x800'1375         Code  Gb  ABImemset.o [7]
__cmain                  0x800'1bc1         Code  Gb  cmain.o [7]
__exit                   0x800'1bf5   0x14  Code  Gb  exit.o [8]
__iar_Memset             0x800'1375         Code  Gb  ABImemset.o [7]
__iar_Memset_word        0x800'137d         Code  Gb  ABImemset.o [7]
__iar_data_init3         0x800'1b65   0x28  Code  Gb  data_init.o [7]
__iar_init_vfp           0x800'1b8d         Code  Gb  fpinit_M.o [6]
__iar_packbits_init_single3
                         0x800'0f87   0x3a  Code  Gb  packbits_init_single.o [7]
__iar_program_start      0x800'1c09         Code  Gb  cstartup_M.o [7]
__iar_small_uldivmod     0x800'105d         Code  Gb  I64DivMod_small.o [7]
__low_level_init         0x800'1bdf    0x4  Code  Gb  low_level_init.o [5]
__vector_table           0x800'0000         Data  Gb  startup_stm32l475xx.o [1]
_call_main               0x800'1bcd         Code  Gb  cmain.o [7]
_exit                    0x800'1be9         Code  Gb  cexit.o [7]
exit                     0x800'1be3    0x4  Code  Gb  exit.o [5]
huart1                  0x2000'0000   0x80  Data  Gb  main.o [2]
main                     0x800'1921   0xc2  Code  Gb  main.o [2]
memset                   0x800'1163   0x14  Code  Gb  memset.o [7]
myTxData                0x2000'0080   0x4c  Data  Gb  main.o [2]
uwTick                  0x2000'00cc    0x4  Data  Gb  stm32l4xx_hal.o [4]
uwTickFreq              0x2000'00d4    0x4  Data  Gb  stm32l4xx_hal.o [4]
uwTickPrio              0x2000'00d0    0x4  Data  Gb  stm32l4xx_hal.o [4]


[1] = C:\Users\Iqbal\embsys310\assignment01\Hello_World\EWARM\Hello_World\Obj\Application\EWARM
[2] = C:\Users\Iqbal\embsys310\assignment01\Hello_World\EWARM\Hello_World\Obj\Application\User
[3] = C:\Users\Iqbal\embsys310\assignment01\Hello_World\EWARM\Hello_World\Obj\Drivers\CMSIS
[4] = C:\Users\Iqbal\embsys310\assignment01\Hello_World\EWARM\Hello_World\Obj\Drivers\STM32L4xx_HAL_Driver
[5] = dl7M_tln.a
[6] = m7M_tls.a
[7] = rt7M_tl.a
[8] = shb_l.a

  7'510 bytes of readonly  code memory
    165 bytes of readonly  data memory
  1'244 bytes of readwrite data memory

Errors: none
Warnings: none
